/**
 * This is an interface.
 * This is a second line of docs.
 * <p>
 * This is remarks section.
 * </p>
 */
private interface PublicInterfaceSingleMethod implements RandomType {
    public String getNothing();
}
