public class ClassWithMethodForLoopAndIf {
    public void doNothing() {
        for (int i = 0; i<10; i++) {
            if (i == 1) {
                System.out.println("yay");
            } else {
                continue;
            }
        }
    }
}
