public class ClassWithMethodForLoop {
    public void doNothing() {
        for (int i = 0; i<10; i++) {
            // do nothing.
        }
    }
}
