public class EmptyPublicExtendsImplementsClass extends TestType implements TestType {
}
