public class EmptyPublicImplementsClass implements TestType {
}
