public class EmptyPublicExtendsClass extends TestType {
}

