/**
 * This is code comments.
 * This is another line of comments.
 */
public class EmptyPublicClassWithCodeComments {
}

